DbError = 555 - ошибка бд

NonStaff = 606 - Для данного события не был найдены аудитория и/или преподаватель
BusyStaff = 608 - Аудитория и/или преподаватель уже заняты

EarlyDate = 604 - Данная дата меньше текущей
NoDate = 605 - По данным условиям не сгенерировалось ни одной даты

EventNotFound = 607 - Информация по данному событию не найдена

ClassroomSeats = 601 - Посадочных мест планируется меньше, чем компьютеров
ClassroomDouble = 602 - Аудитория с таким именем уже существует
ClassroomNotFound = 603 - Информация об этой аудитории не найдена

TeacherNotFound = 609 - Преподаватель не найден

EmptyReport = 610 - Описание пусто

ChildrenCount = 612 - Слишком много детей (максимум 300)

BadTime = 613 - Не верный формат времени

BadDate = 614 - Плохой формат даты

BusyTeacher = 611 - Вы неожиданно уже заняты на это время